19:14:00 **** Incremental Build of configuration Debug for project Audio_interface_usb ****
make -j12 all 
arm-none-eabi-gcc "../Core/Src/main.c" -mcpu=cortex-m4 -std=gnu11 -g3 -DDEBUG -DUSE_HAL_DRIVER -DSTM32F411xE -c -I../Core/Inc -I../Drivers/STM32F4xx_HAL_Driver/Inc -I../Drivers/STM32F4xx_HAL_Driver/Inc/Legacy -I../Drivers/CMSIS/Device/ST/STM32F4xx/Include -I../Drivers/CMSIS/Include -O0 -ffunction-sections -fdata-sections -Wall -fstack-usage -fcyclomatic-complexity -MMD -MP -MF"Core/Src/main.d" -MT"Core/Src/main.o" --specs=nano.specs -mfpu=fpv4-sp-d16 -mfloat-abi=hard -mthumb -o "Core/Src/main.o"
In file included from ../Core/Src/main.c:24:
../Core/Inc/MY_CS43L22.h:66:13: warning: 'write_register' declared 'static' but never defined [-Wunused-function]
   66 | static void write_register(uint8_t reg, uint8_t *data);
      |             ^~~~~~~~~~~~~~
../Core/Inc/MY_CS43L22.h:67:13: warning: 'read_register' declared 'static' but never defined [-Wunused-function]
   67 | static void read_register(uint8_t reg, uint8_t *data);
      |             ^~~~~~~~~~~~~
arm-none-eabi-gcc -o "Audio_interface_usb.elf" @"objects.list"   -mcpu=cortex-m4 -T"C:\Users\sud2l\OneDrive\Electronics\STM32CubeIDE\Audio_interface\Audio_interface_usb\STM32F411VETX_FLASH.ld" --specs=nosys.specs -Wl,-Map="Audio_interface_usb.map" -Wl,--gc-sections -static --specs=nano.specs -mfpu=fpv4-sp-d16 -mfloat-abi=hard -mthumb -Wl,--start-group -lc -lm -Wl,--end-group
Finished building target: Audio_interface_usb.elf
 
arm-none-eabi-size  Audio_interface_usb.elf 
arm-none-eabi-objdump -h -S Audio_interface_usb.elf  > "Audio_interface_usb.list"
   text	   data	    bss	    dec	    hex	filename
  16748	     20	   2036	  18804	   4974	Audio_interface_usb.elf
Finished building: default.size.stdout
 
Finished building: Audio_interface_usb.list
 

19:14:01 Build Finished. 0 errors, 2 warnings. (took 1s.20ms)

